<?xml version="1.0" encoding="UTF-8"?>
<testsuites tests="18" failures="0" disabled="0" errors="0" time="0." timestamp="2026-04-07T20:49:24.032" name="AllTests">
  <testsuite name="IAudioStrategyTest" tests="18" failures="0" disabled="0" skipped="0" errors="0" time="0." timestamp="2026-04-07T20:49:24.032">
    <testcase name="ThreadedStrategy_ReturnsCorrectName" file="/Users/danielsinclair/vscode/escli.refac7/test/unit/IAudioStrategyTest.cpp" line="71" status="run" result="completed" time="0." timestamp="2026-04-07T20:49:24.032" classname="IAudioStrategyTest" />
    <testcase name="SyncPullStrategy_ReturnsCorrectName" file="/Users/danielsinclair/vscode/escli.refac7/test/unit/IAudioStrategyTest.cpp" line="76" status="run" result="completed" time="0." timestamp="2026-04-07T20:49:24.032" classname="IAudioStrategyTest" />
    <testcase name="ThreadedStrategy_IsEnabled" file="/Users/danielsinclair/vscode/escli.refac7/test/unit/IAudioStrategyTest.cpp" line="81" status="run" result="completed" time="0." timestamp="2026-04-07T20:49:24.032" classname="IAudioStrategyTest" />
    <testcase name="SyncPullStrategy_IsEnabled" file="/Users/danielsinclair/vscode/escli.refac7/test/unit/IAudioStrategyTest.cpp" line="86" status="run" result="completed" time="0." timestamp="2026-04-07T20:49:24.032" classname="IAudioStrategyTest" />
    <testcase name="ThreadedStrategy_Render_WithUninitializedBuffer_ReturnsFalse" file="/Users/danielsinclair/vscode/escli.refac7/test/unit/IAudioStrategyTest.cpp" line="91" status="run" result="completed" time="0." timestamp="2026-04-07T20:49:24.032" classname="IAudioStrategyTest" />
    <testcase name="SyncPullStrategy_Render_WithContextWithoutSyncPullAudio_ReturnsFalse" file="/Users/danielsinclair/vscode/escli.refac7/test/unit/IAudioStrategyTest.cpp" line="108" status="run" result="completed" time="0." timestamp="2026-04-07T20:49:24.032" classname="IAudioStrategyTest" />
    <testcase name="ThreadedStrategy_CursorChasing_ReadsAvailableFrames" file="/Users/danielsinclair/vscode/escli.refac7/test/unit/IAudioStrategyTest.cpp" line="125" status="run" result="completed" time="0." timestamp="2026-04-07T20:49:24.032" classname="IAudioStrategyTest" />
    <testcase name="ThreadedStrategy_CursorChasing_ReadsLessWhenNotEnough" file="/Users/danielsinclair/vscode/escli.refac7/test/unit/IAudioStrategyTest.cpp" line="156" status="run" result="completed" time="0." timestamp="2026-04-07T20:49:24.032" classname="IAudioStrategyTest" />
    <testcase name="ThreadedStrategy_CursorChasing_WrapAroundRead" file="/Users/danielsinclair/vscode/escli.refac7/test/unit/IAudioStrategyTest.cpp" line="192" status="run" result="completed" time="0." timestamp="2026-04-07T20:49:24.032" classname="IAudioStrategyTest" />
    <testcase name="SyncPullStrategy_AlwaysReturnsTrueOnAddFrames" file="/Users/danielsinclair/vscode/escli.refac7/test/unit/IAudioStrategyTest.cpp" line="231" status="run" result="completed" time="0." timestamp="2026-04-07T20:49:24.032" classname="IAudioStrategyTest" />
    <testcase name="Factory_CreateThreadedStrategy" file="/Users/danielsinclair/vscode/escli.refac7/test/unit/IAudioStrategyTest.cpp" line="248" status="run" result="completed" time="0." timestamp="2026-04-07T20:49:24.032" classname="IAudioStrategyTest" />
    <testcase name="Factory_CreateSyncPullStrategy" file="/Users/danielsinclair/vscode/escli.refac7/test/unit/IAudioStrategyTest.cpp" line="257" status="run" result="completed" time="0." timestamp="2026-04-07T20:49:24.032" classname="IAudioStrategyTest" />
    <testcase name="Factory_CreateUnknownMode_ReturnsNull" file="/Users/danielsinclair/vscode/escli.refac7/test/unit/IAudioStrategyTest.cpp" line="266" status="run" result="completed" time="0." timestamp="2026-04-07T20:49:24.032" classname="IAudioStrategyTest" />
    <testcase name="ThreadedStrategy_AddFrames_WithNullContext_ReturnsFalse" file="/Users/danielsinclair/vscode/escli.refac7/test/unit/IAudioStrategyTest.cpp" line="278" status="run" result="completed" time="0." timestamp="2026-04-07T20:49:24.032" classname="IAudioStrategyTest" />
    <testcase name="ThreadedStrategy_AddFrames_WithNullBuffer_ReturnsFalse" file="/Users/danielsinclair/vscode/escli.refac7/test/unit/IAudioStrategyTest.cpp" line="289" status="run" result="completed" time="0." timestamp="2026-04-07T20:49:24.032" classname="IAudioStrategyTest" />
    <testcase name="SyncPullStrategy_Render_WithNullContext_ReturnsFalse" file="/Users/danielsinclair/vscode/escli.refac7/test/unit/IAudioStrategyTest.cpp" line="302" status="run" result="completed" time="0." timestamp="2026-04-07T20:49:24.032" classname="IAudioStrategyTest" />
    <testcase name="ThreadedStrategy_ShouldDrainDuringWarmup" file="/Users/danielsinclair/vscode/escli.refac7/test/unit/IAudioStrategyTest.cpp" line="319" status="run" result="completed" time="0." timestamp="2026-04-07T20:49:24.032" classname="IAudioStrategyTest" />
    <testcase name="SyncPullStrategy_ShouldNotDrainDuringWarmup" file="/Users/danielsinclair/vscode/escli.refac7/test/unit/IAudioStrategyTest.cpp" line="327" status="run" result="completed" time="0." timestamp="2026-04-07T20:49:24.032" classname="IAudioStrategyTest" />
  </testsuite>
</testsuites>
